AutoMQ rows 715; scorable cohort trials 836
[40/836]    20s rows=2200
[80/836]    41s rows=4400
[120/836]    61s rows=6600
[160/836]    78s rows=8800
[200/836]    90s rows=11000
[240/836]    99s rows=13200
[280/836]   106s rows=15400
[320/836]   114s rows=17600
[360/836]   121s rows=19800
[400/836]   134s rows=22000
[440/836]   147s rows=24200
[480/836]   163s rows=26400
[520/836]   174s rows=28600
[560/836]   182s rows=30800
[600/836]   190s rows=33000
[640/836]   201s rows=35200
[680/836]   215s rows=37400

PROCESSING CHECK: trials 699, rows 38445, nonfinite 0

== Spearman r_s vs AutoMQ, by condition ==
measure                               full     drop1      min2   miscal2   miscal4
max_shoulder_flexion                  0.35      0.34      0.31      0.34      0.33
max_shoulder_abduction                0.73      0.73      0.72      0.73      0.71
max_elbow_angle                       0.89      0.90      0.90      0.89      0.89
peak_elbow_angular_velocity           0.81      0.82      0.81      0.81      0.81
interjoint_coordination               0.39      0.23     -0.01      0.39      0.38
max_trunk_displacement                0.93      0.94      0.94      0.93      0.93
peak_velocity                         0.76      0.70      0.66      0.74      0.71
total_movement_time                   1.00      1.00      1.00      1.00      1.00
time_to_peak_velocity                 0.91      0.91      0.90      0.91      0.91
time_to_first_peak_velocity           0.89      0.90      0.90      0.89      0.90
number_of_movement_units              0.48      0.50      0.57      0.49      0.50

== median |error| (measure units), by condition ==
measure                               full     drop1      min2   miscal2   miscal4
max_shoulder_flexion                 11.23     10.78      9.34     11.06     11.23
max_shoulder_abduction                8.20      7.95      7.22      8.20      8.24
max_elbow_angle                       4.04      4.05      4.11      4.08      4.20
peak_elbow_angular_velocity          17.63     22.14     34.06     17.72     18.05
interjoint_coordination               0.02      0.02      0.13      0.02      0.02
max_trunk_displacement               12.81     13.96     15.60     13.38     14.28
peak_velocity                        98.44    175.55    296.91    102.04    106.25
total_movement_time                   0.01      0.01      0.01      0.01      0.01
time_to_peak_velocity                 0.07      0.07      0.07      0.07      0.07
time_to_first_peak_velocity           0.07      0.07      0.07      0.07      0.07
number_of_movement_units              1.00      1.20      1.33      1.00      1.00

wrote /home/imove/Documents/cup-task/paper/augment_measures.csv
DONE
